[DATA_POINT]
1="HTTP_401"
2="HTTP_400"
3="HTTP_200"
4="tcp_connection_count"
5="tcp_connect"
6="tcp_shutdown"
7="ssl_session_new"
8="ssl_session_reuse"
9="mic_recv"
[END_TRANSACTION]
1="vuser_init_Transaction"
2="https://prod.uxcrowd.ru/api/account/"
3="get_token_Action_21"
4="https://prod.uxcrowd.ru/"
5="https://ulogin.ru/js/ulogin.js"
6="https://use.typekit.net/hym5rnq.js"
7="https://prod.uxcrowd.ru/library/jquery.js"
8="https://prod.uxcrowd.ru/assets/css/landing/YouTube.HD.Thumbnail.css"
9="https://prod.uxcrowd.ru/assets/css/landing/uxcrowd.webflow.css"
10="https://prod.uxcrowd.ru/assets/gulp/env.js"
11="https://prod.uxcrowd.ru/assets/css/landing/webflow.css"
12="https://prod.uxcrowd.ru/library/jquery.form.js"
13="https://prod.uxcrowd.ru/library/jquery.uploadfile.min.js"
14="https://prod.uxcrowd.ru/library/FileSaver.js"
15="https://prod.uxcrowd.ru/assets/js/main_js/validation.rule.js"
16="https://prod.uxcrowd.ru/assets/js/app_js/auth.interceptor.js"
17="https://prod.uxcrowd.ru/assets/js/main_js/validation.js"
18="https://prod.uxcrowd.ru/assets/gulp/app_js.js"
19="https://prod.uxcrowd.ru/assets/gulp/admin_js.js"
20="https://prod.uxcrowd.ru/assets/js/main_js/init.js"
21="https://prod.uxcrowd.ru/assets/gulp/blog_js.js"
22="https://prod.uxcrowd.ru/assets/gulp/customer_js.js"
23="https://prod.uxcrowd.ru/assets/gulp/home_js.js"
24="https://prod.uxcrowd.ru/assets/gulp/moderator_js.js"
25="https://prod.uxcrowd.ru/assets/gulp/new_tester_js.js"
26="https://prod.uxcrowd.ru/assets/gulp/tester_js.js"
27="https://prod.uxcrowd.ru/library/require.js"
28="https://prod.uxcrowd.ru/assets/js/main_js/path_controller.js"
29="https://prod.uxcrowd.ru/assets/js/landing/jQuery.YouTube.HD.Thumbnail.js"
30="https://prod.uxcrowd.ru/assets/gulp/sup_css.css"
31="https://prod.uxcrowd.ru/assets/js/main_js/main_route.js"
32="https://prod.uxcrowd.ru/assets/js/main_js/mediaelement-and-player.js"
33="api/register"
34="Action_Transaction"
35="https://prod.uxcrowd.ru/assets/gulp/sup_js.js"
36="main_Action_28"
37="https://prod.uxcrowd.ru/api/register"
38="register_Action_38"
39="vuser_end_Transaction"
