[DATA_POINT]
1="tcp_connect"
2="tcp_connection_count"
3="ssl_session_new"
4="mic_recv"
5="HTTP_200"
6="HTTP_401"
7="HTTP_404"
8="tcp_shutdown"
[END_TRANSACTION]
1="https://prod.uxcrowd.ru/"
2="https://ulogin.ru/js/ulogin.js"
3="https://use.typekit.net/hym5rnq.js"
4="https://prod.uxcrowd.ru/assets/gulp/customer_js.js"
5="https://prod.uxcrowd.ru/assets/gulp/blog_js.js"
6="https://prod.uxcrowd.ru/assets/css/landing/uxcrowd.webflow.css"
7="https://prod.uxcrowd.ru/library/jquery.uploadfile.min.js"
8="https://prod.uxcrowd.ru/assets/js/main_js/validation.rule.js"
9="https://prod.uxcrowd.ru/assets/js/main_js/validation.js"
10="https://prod.uxcrowd.ru/library/FileSaver.js"
11="https://prod.uxcrowd.ru/assets/gulp/home_js.js"
12="https://prod.uxcrowd.ru/assets/js/app_js/auth.interceptor.js"
13="https://prod.uxcrowd.ru/assets/css/landing/YouTube.HD.Thumbnail.css"
14="https://prod.uxcrowd.ru/assets/gulp/env.js"
15="https://prod.uxcrowd.ru/assets/gulp/app_js.js"
16="https://prod.uxcrowd.ru/assets/gulp/admin_js.js"
17="https://prod.uxcrowd.ru/assets/gulp/new_tester_js.js"
18="https://prod.uxcrowd.ru/library/require.js"
19="https://prod.uxcrowd.ru/assets/gulp/moderator_js.js"
20="https://prod.uxcrowd.ru/assets/gulp/tester_js.js"
21="https://prod.uxcrowd.ru/assets/js/landing/jQuery.YouTube.HD.Thumbnail.js"
22="https://prod.uxcrowd.ru/assets/js/main_js/path_controller.js"
23="https://prod.uxcrowd.ru/assets/css/landing/webflow.css"
24="https://prod.uxcrowd.ru/library/jquery.form.js"
25="https://prod.uxcrowd.ru/assets/js/main_js/init.js"
26="https://prod.uxcrowd.ru/assets/js/main_js/main_route.js"
27="https://prod.uxcrowd.ru/library/jquery.js"
28="https://prod.uxcrowd.ru/assets/js/main_js/mediaelement-and-player.js"
29="https://prod.uxcrowd.ru/assets/gulp/sup_css.css"
30="https://prod.uxcrowd.ru/assets/gulp/sup_js.js"
31="/_vuser_init_7"
32="Homepage"
33="https://prod.uxcrowd.ru/api/account"
34="/api/account_vuser_init_22"
35="https://prod.uxcrowd.ru/api/authentication"
36="/api/authentication_vuser_init_52"
37="/api/account_vuser_init_73"
38="https://prod.uxcrowd.ru/api/v2/customer/profile"
39="/api/v2/customer/prof_vuser_init_82"
40="https://prod.uxcrowd.ru/api/customer/hist-orders"
41="/api/customer/hist-or_vuser_init_91"
42="https://prod.uxcrowd.ru/api/customer/waitingOrders"
43="/api/customer/waitin_vuser_init_100"
44="https://prod.uxcrowd.ru/api/customer/orders"
45="/api/customer/orders_vuser_init_109"
46="Login"
47="vuser_init_Transaction"
48="https://prod.uxcrowd.ru/tmpl/tmpl_customer/new.order.html"
49="new.order.html_Action_6"
50="Create_new_test"
51="https://prod.uxcrowd.ru/api/v2/customer/draft"
52="draft_Action_29"
53="Add_description"
54="https://prod.uxcrowd.ru/api/v2/customer/updateOrderAudience"
55="updateOrderAudience_Action_48"
56="Participant_group"
57="https://prod.uxcrowd.ru/api/v2/customer/updateOrderSteps"
58="updateOrderSteps_Action_64"
59="https://prod.uxcrowd.ru/api/customer/calculatePrice?orderId=16961954"
60="calculatePrice_Action_78"
61="Add_question"
62="https://prod.uxcrowd.ru/api/v2/public/paymentInitRequest?orderId=16961954"
63="paymentInitRequest_2_Action_98"
64="Action_Transaction"
65="https://prod.uxcrowd.ru/api/customer/calculatePrice?orderId=16961955"
66="https://prod.uxcrowd.ru/api/v2/public/paymentInitRequest?orderId=16961955"
67="https://prod.uxcrowd.ru/api/customer/calculatePrice?orderId=16961956"
68="https://prod.uxcrowd.ru/api/v2/public/paymentInitRequest?orderId=16961956"
69="https://prod.uxcrowd.ru/api/customer/calculatePrice?orderId=16961957"
70="https://prod.uxcrowd.ru/api/v2/public/paymentInitRequest?orderId=16961957"
71="https://prod.uxcrowd.ru/api/customer/calculatePrice?orderId=16961958"
72="https://prod.uxcrowd.ru/api/v2/public/paymentInitRequest?orderId=16961958"
